[debug] [2026-08-23T14:10:15.764Z] ----------------------------------------------------------------------
[debug] [2026-08-23T14:10:15.765Z] Command:       C:\nvm4w\nodejs\node.exe C:\Users\Admin\AppData\Roaming\npm\node_modules\firebase-tools\lib\bin\firebase.js deploy --only hosting
[debug] [2026-08-23T14:10:15.766Z] CLI Version:   15.28.1
[debug] [2026-08-23T14:10:15.766Z] Platform:      win32
[debug] [2026-08-23T14:10:15.766Z] Node Version:  v22.22.2
[debug] [2026-08-23T14:10:15.766Z] Detected Agent: unknown
[debug] [2026-08-23T14:10:15.766Z] Time:          Sun Aug 23 2026 19:55:15 GMT+0545 (Nepal Time)
[debug] [2026-08-23T14:10:15.766Z] ----------------------------------------------------------------------
[debug] 
[debug] [2026-08-23T14:10:16.647Z] > command requires scopes: ["email","openid","https://www.googleapis.com/auth/cloudplatformprojects.readonly","https://www.googleapis.com/auth/firebase","https://www.googleapis.com/auth/cloud-platform"]
[debug] [2026-08-23T14:10:16.647Z] > authorizing via signed-in user (banjays@gmail.com)
[debug] [2026-08-23T14:10:16.647Z] [iam] checking project sadak-sathi-3ab73 for permissions ["firebase.projects.get","firebasehosting.sites.update"]
[debug] [2026-08-23T14:10:16.655Z] Checked if tokens are valid: true, expires at: 1787495137928
[debug] [2026-08-23T14:10:16.655Z] Checked if tokens are valid: true, expires at: 1787495137928
[debug] [2026-08-23T14:10:16.656Z] >>> [apiv2][query] POST https://cloudresourcemanager.googleapis.com/v1/projects/sadak-sathi-3ab73:testIamPermissions [none]
[debug] [2026-08-23T14:10:16.657Z] >>> [apiv2][(partial)header] POST https://cloudresourcemanager.googleapis.com/v1/projects/sadak-sathi-3ab73:testIamPermissions  x-goog-user-project=sadak-sathi-3ab73
[debug] [2026-08-23T14:10:16.657Z] >>> [apiv2][body] POST https://cloudresourcemanager.googleapis.com/v1/projects/sadak-sathi-3ab73:testIamPermissions {"permissions":["firebase.projects.get","firebasehosting.sites.update"]}
[debug] [2026-08-23T14:10:18.200Z] <<< [apiv2][status] POST https://cloudresourcemanager.googleapis.com/v1/projects/sadak-sathi-3ab73:testIamPermissions 200
[debug] [2026-08-23T14:10:18.200Z] <<< [apiv2][body] POST https://cloudresourcemanager.googleapis.com/v1/projects/sadak-sathi-3ab73:testIamPermissions {"permissions":["firebase.projects.get","firebasehosting.sites.update"]}
[debug] [2026-08-23T14:10:18.200Z] Checked if tokens are valid: true, expires at: 1787495137928
[debug] [2026-08-23T14:10:18.200Z] Checked if tokens are valid: true, expires at: 1787495137928
[debug] [2026-08-23T14:10:18.200Z] >>> [apiv2][query] GET https://firebase.googleapis.com/v1beta1/projects/sadak-sathi-3ab73 [none]
[debug] [2026-08-23T14:10:19.079Z] <<< [apiv2][status] GET https://firebase.googleapis.com/v1beta1/projects/sadak-sathi-3ab73 200
[debug] [2026-08-23T14:10:19.079Z] <<< [apiv2][body] GET https://firebase.googleapis.com/v1beta1/projects/sadak-sathi-3ab73 {"projectId":"sadak-sathi-3ab73","projectNumber":"1042834733622","displayName":"merosadak","name":"projects/sadak-sathi-3ab73","resources":{"hostingSite":"sadak-sathi-3ab73"},"state":"ACTIVE","labels":{"firebase":"enabled","firebaseworkflows/environment":"production"},"etag":"1_14313099-0f5e-40c3-8db4-5adade978113"}
[info] 
[info] === Deploying to 'sadak-sathi-3ab73'...
[info] 
[info] i  deploying hosting 
[debug] [2026-08-23T14:10:19.082Z] Checked if tokens are valid: true, expires at: 1787495137928
[debug] [2026-08-23T14:10:19.082Z] Checked if tokens are valid: true, expires at: 1787495137928
[debug] [2026-08-23T14:10:19.082Z] >>> [apiv2][query] GET https://firebasehosting.googleapis.com/v1beta1/projects/sadak-sathi-3ab73/sites/merosadak [none]
[debug] [2026-08-23T14:10:20.468Z] <<< [apiv2][status] GET https://firebasehosting.googleapis.com/v1beta1/projects/sadak-sathi-3ab73/sites/merosadak 200
[debug] [2026-08-23T14:10:20.468Z] <<< [apiv2][body] GET https://firebasehosting.googleapis.com/v1beta1/projects/sadak-sathi-3ab73/sites/merosadak {"name":"projects/sadak-sathi-3ab73/sites/merosadak","defaultUrl":"https://merosadak.web.app","appId":"1:1042834733622:web:358bf8c2efcc64ddf3b697","type":"USER_SITE"}
[debug] [2026-08-23T14:10:20.470Z] Checked if tokens are valid: true, expires at: 1787495137928
[debug] [2026-08-23T14:10:20.471Z] Checked if tokens are valid: true, expires at: 1787495137928
[debug] [2026-08-23T14:10:20.472Z] >>> [apiv2][query] POST https://firebasehosting.googleapis.com/v1beta1/projects/-/sites/merosadak/versions [none]
[debug] [2026-08-23T14:10:20.472Z] >>> [apiv2][body] POST https://firebasehosting.googleapis.com/v1beta1/projects/-/sites/merosadak/versions {"status":"CREATED","labels":{"deployment-tool":"cli-firebase"}}
[debug] [2026-08-23T14:10:22.247Z] <<< [apiv2][status] POST https://firebasehosting.googleapis.com/v1beta1/projects/-/sites/merosadak/versions 200
[debug] [2026-08-23T14:10:22.247Z] <<< [apiv2][body] POST https://firebasehosting.googleapis.com/v1beta1/projects/-/sites/merosadak/versions {"name":"projects/1042834733622/sites/merosadak/versions/c3d1bde189870c93","status":"CREATED","config":{},"labels":{"deployment-tool":"cli-firebase"}}
[info] i  hosting[merosadak]: beginning deploy... 
[info] i  hosting[merosadak]: found 105 files in public 
[debug] [2026-08-23T14:10:22.266Z] [hosting] uploading with 200 concurrency
[debug] [2026-08-23T14:10:22.283Z] Checked if tokens are valid: true, expires at: 1787495137928
[debug] [2026-08-23T14:10:22.283Z] Checked if tokens are valid: true, expires at: 1787495137928
[debug] [2026-08-23T14:10:22.284Z] [hosting] hash cache [cHVibGlj] stored for 105 files
[debug] [2026-08-23T14:10:22.284Z] [hosting][hash queue][FINAL] {"max":14,"min":0,"avg":0.47664316190683603,"active":0,"complete":105,"success":105,"errored":0,"retried":0,"total":105,"elapsed":16}
[debug] [2026-08-23T14:10:22.284Z] >>> [apiv2][query] POST https://firebasehosting.googleapis.com/v1beta1/projects/1042834733622/sites/merosadak/versions/c3d1bde189870c93:populateFiles [none]
[debug] [2026-08-23T14:10:22.284Z] >>> [apiv2][body] POST https://firebasehosting.googleapis.com/v1beta1/projects/1042834733622/sites/merosadak/versions/c3d1bde189870c93:populateFiles {"files":{"/sw.js":"7aef2331287508223546739f91337837c724703e84dea74f68afbee9cf49a464","/nepalData.js":"48c2fbb53b5ea94e0dc207b9a640252ab22b082c9a630a2dbc769e9d1073e58b","/manifest.json":"88b68fcd15921f789f1c63866928945f13de1a16282d1ad2e7e2cc303d2bff0e","/icon.svg":"e37a68579f933d188458d36129be29136a714835e17f5d41bc552fee93a17e2a","/data/user-reports.json":"54cd41f5fdad2eaf1e5404f2bb35a5c51f54c2aafc30f6aa483176601956be20","/data/travel-time.json":"7a9f91b537c9d5c2bcfd4c0105ca446a724162db020dd1969a72fa97d875b6cd","/data/traffic-corridors.json":"f80dff251369fe5cc681e992e12873bbf0baaa23861230cac5c3d72bc67765ba","/data/pois.json":"b2ee00adce4a320a217f730ecc9fa9605dd7a641134a126ef773682990fe0cc0","/data/places.json":"afc65a8cf7950577970a8a5e857a8c4092f1ee5f182ee012928435e1061158e9","/data/palika.geojson":"a1dc60487dc206c93c1ef1d42004e90c444b2730c865e1951b1eb3d9b1ebedc9","/data/palika-names.json":"23cf2255d89839d216feca4a19c0745f51c63a8ac3e84be4610dc6c9f50a1dc6","/data/nepal_boundary.geojson":"c7b36036c4116f4fbaab375a684f1014c094479a8340a1aacb5858d3591472e5","/data/mountain-weather.json":"56a513e25bf473ff8a23777f4912e40e45c065aac05c4aec2ae0b507ce9df374","/data/incidents.json":"3d82a15a06cca3fc9810c52ff2c99ac30158f104e9a5ed5b4a09aa664aeef2de","/data/highway-info.json":"82b3572ee20a88c2c6e47b14cde40e4ac13676fb78d0f0ba79dc1809b1aa0f26","/data/district-terrain.json":"079f70e35f79d08cf540be1475ecb5b67d5c67b5e3887717f7204121c8befe2f","/data/district-hqs.json":"8fb98f575370e9fe7052fae2b6c3f96defbe11a704e070acfc1f1a2a2f6885d0","/data/distance-matrix.json":"cbaadc6be42f7185e2a4713880a99a87988dfce5ecd297dde479aa4f488e6359","/data/cities.json":"a5b013a4ec8cc7a470e495d5cf05ee5bc4be261672c1767fd156d15a3f27c75f","/data/cities-and-junctions.json":"a0278f910315bdc1b28ff4de826652655a972ee622a485e6788c7c0069675f11","/data/blackspots.json":"874571d7f4592db6b89f826bc91791e43095364c81ba67c8c3580a165260f4c3","/data/airports.json":"f81d0333488f41dccff5472c2988a9d8ee23b0077e52f8a60faaae07f8dc79eb","/data/highway/NH80_mara_bastipurchowk.geojson":"d5e2cfd43a2d948bfd419100d6e744b3c962edcb742161bb8c475e637368ae8e","/data/highway/NH79_godar_chisapani_mainawa.geojson":"14f6239cd4ba304ec38e93540fef614d9ea9bb424f5a4f9df3488690931cb133","/data/highway/NH78_damak_municipality_chakrapath.geojson":"eea63501d6f4ad7344e461d317b89d93a63db239ee265c0036ce64a23db98a36","/data/highway/NH77_bharatpur_mahanagariya_brihat_chakrapath.geojson":"fbc999b0a38ce8e3055179a943d9847aa757185616f88d2644ae526439b6fbcd","/data/highway/NH76_damak_chisapani_rabi.geojson":"5c539c8fc2f029911289ac01533e5af8c40f16b8744a37a22b3bf20747159c36","/data/highway/NH75_sworna_sagarmatha_ringroad.geojson":"d8eb20db241319f0195f7e62832a310fe4c354418c1242f731492e3209dae11f","/data/highway/NH74_ilam_maipokhari_sandakpur.geojson":"0c3b800e79a7da530790ae1b635e032414a59f2968a398a585979c0ba2c581e1","/data/highway/NH73_surunga_sharnamati_tangandubba.geojson":"9b106df2c6aec28216022e9a47f1f48195b1ee0f26e29a2687c6ede91679167b","/data/highway/NH72_dumkibas_baguban_triveni.geojson":"e666b555ebc5eaa3582b6020a6d8b91d51dabbd92af5103127d08196a45c8b69","/data/highway/NH71_bhaluwang_nuwakot_khandaha.geojson":"1e13a83abb2287baf021299215a05f2a640e500305df905c3427efe51893cfd8","/data/highway/NH70_setidovan_wejang_panchmul.geojson":"9ffd275e8d21a904b5a94039691b99c7b0f61613f192a1f26d924c40de5fb515","/data/highway/NH69_jagatbhanjyang_mandalithan_kewar.geojson":"328346e719cf67e1dfd60b20d337c9913e64294429f80475a6fa6db94ec38327","/data/highway/NH68_bhimad_rampur_mityal_arungkhola.geojson":"edb658d8cb81d2acb252388c27a0abad770f8b03b9b5a842b72a2bacf2c22dde","/data/highway/NH67_chandani_bhimdatta_bramhadev.geojson":"fa0eb67e8ee4498cbe156d3a062d76f818ca37589881052be3837ba9ced8bb71","/data/highway/NH66_dhangadhi_sahajpur_budar_syaule.geojson":"3b7499ee608934af7e68324ca0c93120b8825c43153e6851bf7a9d3f1c95c758","/data/highway/NH65_khuttiya_dipayal_chainpur_uraibhanjyang.geojson":"7eed465cea8b7d436c367abe0be2b8a085c2dfddafa39b2bddd583dee952d8de","/data/highway/NH64_khodpe_chainpur_bajhang.geojson":"4958a66bc144c7944eb516491eacb509784be0a84575a50828c8f616d6ad033a","/data/highway/NH63_saphebagar_martadi_kolti.geojson":"4ddc8263bbf8c3343f5912a1087e4d62e2aacac954a066cfa00fd3adb7e19ef8","/data/highway/NH62_khakraula_tikapur_lamki_lodeghat.geojson":"5f4e9a3b6f6d7e58abe4a2c1ab2cf05948a373c78b113b4d17ab508f32176d70","/data/highway/NH61_surkhet_tallo_dundeshwor_saatkham.geojson":"a570d05c1c3ea005091a408c7f8fd6db5bf5432c7aa271b3f49f655af203051c","/data/highway/NH60_surkhet_dailekh_mahabulekh_galje.geojson":"23bb7788b7660498ab66f4c1cd7c80ef3aec8f37347a70c2e2990b0fc4ad321d","/data/highway/NH59_murtiya_gulariya_bhurigaun.geojson":"51e4d6ba3523dd4ab5fe9d229b57be5b0b1deff56246bad799c70f14ed7f06b6","/data/highway/NH58_jamunaha_nepalgunj_kohalpur_surkhet.geojson":"b18a5b71cd6c371a62723ac0853b358d54dcdbf6a762e756e8c2ebf0d8e0db60","/data/highway/NH57_chinchu_kuda_jajarkot_dunai.geojson":"98b66b05e4e2ab70a8a3459b45254c54eef0347365efce5bf6097c1070a438d6","/data/highway/NH56_tharmare_chaurjahari_jajarkot.geojson":"94334d669755513eb0837f16668d685c4e073829be0ce78ca6b97227328665e4","/data/highway/NH55_rapti_highway.geojson":"9446c7abaa0a0b905e2a1100cb2c5d926c31498bfe09077792047476de5426ab","/data/highway/NH54_koilabas_lamahi_arjunkholagau.geojson":"4a051a4cfcf4cb84ec21f5cde7201a53ee278b07dc07d90044a14e90d2737c03","/data/highway/NH53_bhalubang_liwang_madichaur.geojson":"a3fdfd41494c68ad10980bc1f6a8d6e10048375872ba3a25f0de0a51214014af","/data/highway/NH52_kakarhawa_rudrapur.geojson":"bad05e8df1111a1e8b1013c5f811ec7ed028e053d3e1114524b026640d5dbfc5","/data/highway/NH51_taulihawa_gorusinge_sandhikharka.geojson":"6f2d109870da7de98391ea4c62f8fdfe9a1684264e6f94fa38731b65d366e51c","/data/highway/NH50_jitpur_taulihawa_khunuwa.geojson":"ee5d32c358a7190005ecaf05f1b3d5f5f34fc635acf840aa088062de98911964","/data/highway/NH49_bartung_tansen_ridi_wamitaksar_khalanga.geojson":"8115230b0f8b2d63b60d4eab7b5de1ffcdfe63919ce381f6262026e20824155b","/data/highway/NH48_tansen_ridi_korla.geojson":"01216834b656c79301f80a7ca46c77b29a09ffc4c5f40675b58f0544206fcb01","/data/highway/NH47_belahiya_bhairahawa_butwal_bartung.geojson":"70540db913c3d10cf5765b6abadd6ed51860d95554070ae56f884ca18b8e7137","/data/highway/NH46_bhumahi_parasi.geojson":"838f8a80281c8ddfeda3dc9fb657902ae2359b89aadf1564996f9471171b228e","/data/highway/NH45_khairenitar_bhimad_kawasoti.geojson":"ea74022a90e65ef06e1244f169cbeef98e3f250c6701db5fc37b42caff5bdb9c","/data/highway/NH44_thori_bharatpur_mugling.geojson":"54f4cccc3a1d11876389a1d18c7bb3b926f5810f73bc4af92149e84b7a8cecf9","/data/highway/NH43_malekhu_dhading_salyantar.geojson":"27c270bc54f9f7222843373c31f370d8aeb4ae2c0e061b82ba582129f9f43966","/data/highway/NH42_thori_bhandara_malekhu_galchi_trishuli.geojson":"021432cb3b766e66f96aea4aba37f1bdd321df533cd152c5d64ee9208fc8b524","/data/highway/NH41_sirsiya_pathlaiya_hetauda_bhaise.geojson":"9240377214bf649c21778de8fdf70bc4f350dd0eb1c93a3e2eb97e1fc180e49e","/data/highway/NH40_samakhushi_tokha_gurje_bidur.geojson":"b43ca18da883e8d0f50a63a0270e8c958da9d21e4b6344f1f27f7c50c7144e1f","/data/highway/NH39_kathmandu_ringroad.geojson":"3de02e824409147aac9f1633569755daa03bd5edb4ec71080373422e885e1ccc","/data/highway/NH38_kathmandu_outer_ringroad.geojson":"6843e6cb70628b0ea45ca6974aeb31296972efea73ece44df7a2125e3366bd3a","/data/highway/NH37_hetauda_bagmati_tikabhairav.geojson":"2b8e1b34b622459b5647d1e1ecf41d9dad70712f37fc36e0689364928abc666d","/data/highway/NH36_chandranigahpur_gaur.geojson":"a8409a38eeb043fa8c4ccd367c43cd716dc1c8901897d07765219c0321d52ba0","/data/highway/NH35_piluhawa_manmat_kalaiya_martihawa.geojson":"781618f20bdf0612414856ade2d9145083c3905f05ffc5cddeb4e56510bd7684","/data/highway/NH34_kathmandu_dhulikhel_dolalghat.geojson":"6e1eee1a6307f42e857b5de19395f42d0cff4985c38f2a24973f195086dbb6b8","/data/highway/NH33_nijgadh_kathmandu.geojson":"325467b2f4ea1b28bccaf6975b420298aae58294dea8af1afcdcdf36c44c2d25","/data/highway/NH32_nawalpur_malangawa_sonbarsha.geojson":"3da6d48e2847caf8e5c3feb8e03092273355911d3e57a892f00709d28d7f3175","/data/highway/NH31_dolalghat_chautara.geojson":"3841c77d8d30ba55c8172a76cb03ba572c462597a2176438b12706d99d9b784b","/data/highway/NH30_janakpur_dhanushadham.geojson":"90af68d570735c21e5b45216a484997415daed57de28e61683ac4f17630eb6bc","/data/highway/NH29_kanchanban_janakimedicalcollege.geojson":"247d652f5f9fb3322f65ed530989383d5cb3ecadceaa57f39d13d6ffa9aeafd0","/data/highway/NH28_bhittamod_jaleswor_bardibas.geojson":"082cc4391e6cf78c19faf2c1b5d6770287f7d2f360483138d4e53369b3f26f57","/data/highway/NH26_jamunibas_bateshwar_shantipur.geojson":"746518477f184083d8cc0f08a4f2b891faf33aef0baae8f6b2fe51313f95d2f0","/data/highway/NH25_dumre_beshisahar_chame.geojson":"6e2f5860f951ac099040fd9544acd4d7edbfd0b5000f54fd7780b0ca4566559b","/data/highway/NH24_lalgadh_ranibas_bishma.geojson":"ae98c5e69f458d8e9901ec5e9adf873c526b5ffe52531500effa3228131d4c17","/data/highway/NH23_diktel_solu_junbesi_khahare_jiribazar.geojson":"e59395530e445722ed1e25fa88d28d5e1e2df9793497ee0247fe1026dfb304b6","/data/highway/NH22_dhalkebar_janakpur_jatahi_ghorghar.geojson":"9cb861d5eae65a98e7687379e746e041c6fde939020fbf0d31258c3537a88b45","/data/highway/NH21_sitapaila_dharke.geojson":"d1fc37c5785af65c34cb947ab2e62b8d7ed99da2366d3c94eaf2a2befd342fe4","/data/highway/NH20_madar_chauharwa_mirchaiya_katari.geojson":"21ca53c1d9a9eb63dbb6173adca1423c82c3c10736c1cbcef9f0d7bba93840e0","/data/highway/NH19_ridi_balkot_hanshpur_pyuthan.geojson":"5cf63a6feca4ca05b118f5eda4df7851d82aafc218c31b0e6ae9c2144f4b8c5c","/data/highway/NH18_balaju_trishuli_dhur.geojson":"969a319aff58057090061cc855d9ae4eafb08ba7805753b79e1415d7f376aa25","/data/highway/NH17_prithivi_highway.geojson":"a3b5402f994aa0a677cfa714730b6490d7c8d0cfcbd9fb2adf06b861551778f8","/data/highway/NH16_thadi_bhagawanpur_lahan_kadmaha.geojson":"bb4e98e56112a0a6a41d57ed3150cc0d41acdc5806ce41a7fe6f3d80428b830c","/data/highway/NH15_gwarko_lubhu_lakuribhanjyang.geojson":"d47d363d410b946e1b61fb2953f0c32b0edf49c0c24fa2e21307669924018fdf","/data/highway/NH14_gaighat_mahulikhola_rupani_rajbiraj.geojson":"9e5007cc8c31b8d939ababb8b03d930c129781615c6c72b8643e885a1213ef1b","/data/highway/NH13_bardibas_sindhuli_khurkot_dhulikhel.geojson":"1f1a9d97ba107c7d5aff9d7d1f88926690b9490a163a00da375c2d19d67a7703","/data/highway/NH12_ghurmi_chatara_udayapur.geojson":"5b46f9c7de91faf262dbe2f7f0dd5ac81167b5069fe52c5cb81c2e3966fed674","/data/highway/NH11_phikkal_shreeantu_chabbise.geojson":"eed9add7a0cd5c2b21d460116dd962f4f778e07234fd9d82e6466187a7b470ba","/data/highway/NH10_deurali_mudhe_chainpur_bohoratar.geojson":"0d48760e4f4e62c5b4c35365aee068434fcb652ac8a64a7cd68b633ccb12cd43","/data/highway/NH09_bahundangi_shantinagar_dharan.geojson":"56f284502a98895b02c04f5b8e4d08d908a97c16a1c6204f31f80ae258295c66","/data/highway/NH08_rani_biratnagar_itahari_dharan_dhankuta.geojson":"69e77223131809093f7bf077ab9fdf75ea175e523654c66d1bd0ebfc55d46909","/data/highway/NH07_pakali_nayakoshipul_rupnagar.geojson":"caacb270c8b45f72c54d550bd358f80986b4eacbe07116685135c18acc8b1ad6","/data/highway/NH06_chatara_mulghat_majhitar.geojson":"68bbcc2f1ec0c64203634d051a661474857007bfa5ddc4ae520ef9f5f6c9d14a","/data/highway/NH05_postal_highway.geojson":"0db857ed559a027a520b8c6489b0d71a28935b5e1c451cb2a39be0a9cc39820f","/data/highway/NH04_birtamod_chandragadi_bhadrapur.geojson":"cbad6a7076be72f73e5e3c29457ebc69925d194abe9aba46ab5201c44ed04b6c","/data/highway/NH03_pushpalal_mid_hill_highway.geojson":"b53e5f8f6001cb6dfe7b561f60b5a818862cb8fe5381ec1e0a3f5445a7e14b91","/data/highway/NH02_kechana_chandragadhi_charali_ilam.geojson":"9c4442c71d39e7165c96f5fb64de39a45fa719888fd0a269c5897c3cf06eb35d","/data/highway/NH01_mahendra_highway.geojson":"10377cb40e7429645b7ee82083f866e0f13d51f339c9adcc192ed5be4cda06aa","/data/highway/index.json":"4a0fed0707d6a1df63dad2ba1fe4920f34727e1dd5cc03d5468aed96d3bd3fc4","/embed.html":"7c9ca36e2e902f4eced44fadd9878aaa3ce6b8700e4132caac5bbcc470dcc3bb","/style.css":"b68dfc461c35853459edf246c2d8ff58839078c914433b43c0d24058c72ec66f","/index.html":"c2b75459a37db5fa57e1ba75900706352aea2bf6399f235674d90c898c6fb780"}}
[debug] [2026-08-23T14:10:23.368Z] <<< [apiv2][status] POST https://firebasehosting.googleapis.com/v1beta1/projects/1042834733622/sites/merosadak/versions/c3d1bde189870c93:populateFiles 200
[debug] [2026-08-23T14:10:23.368Z] <<< [apiv2][body] POST https://firebasehosting.googleapis.com/v1beta1/projects/1042834733622/sites/merosadak/versions/c3d1bde189870c93:populateFiles {"uploadRequiredHashes":["b68dfc461c35853459edf246c2d8ff58839078c914433b43c0d24058c72ec66f","7c9ca36e2e902f4eced44fadd9878aaa3ce6b8700e4132caac5bbcc470dcc3bb","c2b75459a37db5fa57e1ba75900706352aea2bf6399f235674d90c898c6fb780"],"uploadUrl":"https://upload-firebasehosting.googleapis.com/upload/sites/merosadak/versions/c3d1bde189870c93/files"}
[debug] [2026-08-23T14:10:23.369Z] Checked if tokens are valid: true, expires at: 1787495137928
[debug] [2026-08-23T14:10:23.369Z] Checked if tokens are valid: true, expires at: 1787495137928
[debug] [2026-08-23T14:10:23.369Z] Checked if tokens are valid: true, expires at: 1787495137928
[debug] [2026-08-23T14:10:23.369Z] Checked if tokens are valid: true, expires at: 1787495137928
[debug] [2026-08-23T14:10:23.369Z] Checked if tokens are valid: true, expires at: 1787495137928
[debug] [2026-08-23T14:10:23.369Z] Checked if tokens are valid: true, expires at: 1787495137928
[debug] [2026-08-23T14:10:23.369Z] >>> [apiv2][query] POST https://upload-firebasehosting.googleapis.com/upload/sites/merosadak/versions/c3d1bde189870c93/files/b68dfc461c35853459edf246c2d8ff58839078c914433b43c0d24058c72ec66f [none]
[debug] [2026-08-23T14:10:23.369Z] >>> [apiv2][body] POST https://upload-firebasehosting.googleapis.com/upload/sites/merosadak/versions/c3d1bde189870c93/files/b68dfc461c35853459edf246c2d8ff58839078c914433b43c0d24058c72ec66f [stream]
[debug] [2026-08-23T14:10:23.370Z] >>> [apiv2][query] POST https://upload-firebasehosting.googleapis.com/upload/sites/merosadak/versions/c3d1bde189870c93/files/7c9ca36e2e902f4eced44fadd9878aaa3ce6b8700e4132caac5bbcc470dcc3bb [none]
[debug] [2026-08-23T14:10:23.370Z] >>> [apiv2][body] POST https://upload-firebasehosting.googleapis.com/upload/sites/merosadak/versions/c3d1bde189870c93/files/7c9ca36e2e902f4eced44fadd9878aaa3ce6b8700e4132caac5bbcc470dcc3bb [stream]
[debug] [2026-08-23T14:10:23.370Z] >>> [apiv2][query] POST https://upload-firebasehosting.googleapis.com/upload/sites/merosadak/versions/c3d1bde189870c93/files/c2b75459a37db5fa57e1ba75900706352aea2bf6399f235674d90c898c6fb780 [none]
[debug] [2026-08-23T14:10:23.371Z] >>> [apiv2][body] POST https://upload-firebasehosting.googleapis.com/upload/sites/merosadak/versions/c3d1bde189870c93/files/c2b75459a37db5fa57e1ba75900706352aea2bf6399f235674d90c898c6fb780 [stream]
[debug] [2026-08-23T14:10:23.375Z] [hosting][populate queue][FINAL] {"max":1086,"min":1086,"avg":1086,"active":0,"complete":1,"success":1,"errored":0,"retried":0,"total":1,"elapsed":1092}
[debug] [2026-08-23T14:10:23.375Z] [hosting] uploads queued: 3
[debug] [2026-08-23T14:10:26.012Z] <<< [apiv2][status] POST https://upload-firebasehosting.googleapis.com/upload/sites/merosadak/versions/c3d1bde189870c93/files/b68dfc461c35853459edf246c2d8ff58839078c914433b43c0d24058c72ec66f 200
[debug] [2026-08-23T14:10:26.012Z] <<< [apiv2][body] POST https://upload-firebasehosting.googleapis.com/upload/sites/merosadak/versions/c3d1bde189870c93/files/b68dfc461c35853459edf246c2d8ff58839078c914433b43c0d24058c72ec66f [stream]
[debug] [2026-08-23T14:10:26.795Z] <<< [apiv2][status] POST https://upload-firebasehosting.googleapis.com/upload/sites/merosadak/versions/c3d1bde189870c93/files/c2b75459a37db5fa57e1ba75900706352aea2bf6399f235674d90c898c6fb780 200
[debug] [2026-08-23T14:10:26.795Z] <<< [apiv2][body] POST https://upload-firebasehosting.googleapis.com/upload/sites/merosadak/versions/c3d1bde189870c93/files/c2b75459a37db5fa57e1ba75900706352aea2bf6399f235674d90c898c6fb780 [stream]
[debug] [2026-08-23T14:10:26.960Z] <<< [apiv2][status] POST https://upload-firebasehosting.googleapis.com/upload/sites/merosadak/versions/c3d1bde189870c93/files/7c9ca36e2e902f4eced44fadd9878aaa3ce6b8700e4132caac5bbcc470dcc3bb 200
[debug] [2026-08-23T14:10:26.960Z] <<< [apiv2][body] POST https://upload-firebasehosting.googleapis.com/upload/sites/merosadak/versions/c3d1bde189870c93/files/7c9ca36e2e902f4eced44fadd9878aaa3ce6b8700e4132caac5bbcc470dcc3bb [stream]
[debug] [2026-08-23T14:10:26.960Z] [hosting][upload queue][FINAL] {"max":3591,"min":2644,"avg":3220.6666666666665,"active":0,"complete":3,"success":3,"errored":0,"retried":0,"total":3,"elapsed":3592}
[info] +  hosting[merosadak]: file upload complete 
[debug] [2026-08-23T14:10:26.961Z] [hosting] deploy completed after 4712ms
[debug] [2026-08-23T14:10:26.961Z] [
  {
    "config": {
      "site": "merosadak",
      "public": "public",
      "ignore": [
        "firebase.json",
        "**/.*",
        "**/node_modules/**"
      ],
      "cleanUrls": true,
      "headers": [
        {
          "source": "/index.html",
          "headers": [
            {
              "key": "Cache-Control",
              "value": "no-cache, no-store, must-revalidate"
            }
          ]
        },
        {
          "source": "/sw.js",
          "headers": [
            {
              "key": "Cache-Control",
              "value": "no-cache, no-store, must-revalidate"
            }
          ]
        }
      ],
      "rewrites": [
        {
          "source": "**/!(*.geojson|*.json|*.js|*.css|*.png|*.jpg|*.svg|*.ico|*.txt)",
          "destination": "/index.html"
        }
      ]
    },
    "version": "projects/1042834733622/sites/merosadak/versions/c3d1bde189870c93"
  }
]
[info] i  hosting[merosadak]: finalizing version... 
[debug] [2026-08-23T14:10:26.963Z] Checked if tokens are valid: true, expires at: 1787495137928
[debug] [2026-08-23T14:10:26.963Z] Checked if tokens are valid: true, expires at: 1787495137928
[debug] [2026-08-23T14:10:26.963Z] >>> [apiv2][query] PATCH https://firebasehosting.googleapis.com/v1beta1/projects/-/sites/merosadak/versions/c3d1bde189870c93 updateMask=status%2Cconfig
[debug] [2026-08-23T14:10:26.963Z] >>> [apiv2][body] PATCH https://firebasehosting.googleapis.com/v1beta1/projects/-/sites/merosadak/versions/c3d1bde189870c93 {"status":"FINALIZED","config":{"rewrites":[{"glob":"**/!(*.geojson|*.json|*.js|*.css|*.png|*.jpg|*.svg|*.ico|*.txt)","path":"/index.html"}],"headers":[{"glob":"/index.html","headers":{"Cache-Control":"no-cache, no-store, must-revalidate"}},{"glob":"/sw.js","headers":{"Cache-Control":"no-cache, no-store, must-revalidate"}}],"cleanUrls":true}}
[debug] [2026-08-23T14:10:27.985Z] <<< [apiv2][status] PATCH https://firebasehosting.googleapis.com/v1beta1/projects/-/sites/merosadak/versions/c3d1bde189870c93 200
[debug] [2026-08-23T14:10:27.986Z] <<< [apiv2][body] PATCH https://firebasehosting.googleapis.com/v1beta1/projects/-/sites/merosadak/versions/c3d1bde189870c93 {"name":"projects/1042834733622/sites/merosadak/versions/c3d1bde189870c93","status":"FINALIZED","config":{"headers":[{"headers":{"Cache-Control":"no-cache, no-store, must-revalidate"},"glob":"/index.html"},{"headers":{"Cache-Control":"no-cache, no-store, must-revalidate"},"glob":"/sw.js"}],"rewrites":[{"glob":"**/!(*.geojson|*.json|*.js|*.css|*.png|*.jpg|*.svg|*.ico|*.txt)","path":"/index.html"}],"cleanUrls":true},"labels":{"deployment-tool":"cli-firebase"},"createTime":"2026-08-23T14:10:21.255542Z","createUser":{"email":"banjays@gmail.com"},"finalizeTime":"2026-08-23T14:10:28.030893Z","finalizeUser":{"email":"banjays@gmail.com"}}
[debug] [2026-08-23T14:10:27.986Z] [hosting] finalized version for merosadak:[object Object]
[info] +  hosting[merosadak]: version finalized 
[info] i  hosting[merosadak]: releasing new version... 
[debug] [2026-08-23T14:10:27.987Z] Checked if tokens are valid: true, expires at: 1787495137928
[debug] [2026-08-23T14:10:27.987Z] Checked if tokens are valid: true, expires at: 1787495137928
[debug] [2026-08-23T14:10:27.988Z] >>> [apiv2][query] POST https://firebasehosting.googleapis.com/v1beta1/projects/-/sites/merosadak/channels/live/releases versionName=projects%2F1042834733622%2Fsites%2Fmerosadak%2Fversions%2Fc3d1bde189870c93
[debug] [2026-08-23T14:10:27.988Z] >>> [apiv2][body] POST https://firebasehosting.googleapis.com/v1beta1/projects/-/sites/merosadak/channels/live/releases {}
[debug] [2026-08-23T14:10:29.396Z] <<< [apiv2][status] POST https://firebasehosting.googleapis.com/v1beta1/projects/-/sites/merosadak/channels/live/releases 200
[debug] [2026-08-23T14:10:29.396Z] <<< [apiv2][body] POST https://firebasehosting.googleapis.com/v1beta1/projects/-/sites/merosadak/channels/live/releases {"name":"projects/1042834733622/sites/merosadak/channels/live/releases/1787494228379000","version":{"name":"projects/1042834733622/sites/merosadak/versions/c3d1bde189870c93","status":"FINALIZED","config":{"headers":[{"headers":{"Cache-Control":"no-cache, no-store, must-revalidate"},"glob":"/index.html"},{"headers":{"Cache-Control":"no-cache, no-store, must-revalidate"},"glob":"/sw.js"}],"rewrites":[{"glob":"**/!(*.geojson|*.json|*.js|*.css|*.png|*.jpg|*.svg|*.ico|*.txt)","path":"/index.html"}],"cleanUrls":true},"labels":{"deployment-tool":"cli-firebase"},"createTime":"2026-08-23T14:10:21.255542Z","createUser":{"email":"banjays@gmail.com","imageUrl":"https://lh3.googleusercontent.com/a/ACg8ocI7681sAYWXPevSF0ETQ60t4KwqUZ-st0KocSHcLz3HHSg0Lzo=mo"},"finalizeTime":"2026-08-23T14:10:28.030893Z","finalizeUser":{"email":"banjays@gmail.com","imageUrl":"https://lh3.googleusercontent.com/a/ACg8ocI7681sAYWXPevSF0ETQ60t4KwqUZ-st0KocSHcLz3HHSg0Lzo=mo"}},"type":"DEPLOY","releaseTime":"2026-08-23T14:10:28.379Z","releaseUser":{"email":"banjays@gmail.com","imageUrl":"https://lh3.googleusercontent.com/a/ACg8ocI7681sAYWXPevSF0ETQ60t4KwqUZ-st0KocSHcLz3HHSg0Lzo=mo"}}
[debug] [2026-08-23T14:10:29.396Z] [hosting] release: {"name":"projects/1042834733622/sites/merosadak/channels/live/releases/1787494228379000","version":{"name":"projects/1042834733622/sites/merosadak/versions/c3d1bde189870c93","status":"FINALIZED","config":{"headers":[{"headers":{"Cache-Control":"no-cache, no-store, must-revalidate"},"glob":"/index.html"},{"headers":{"Cache-Control":"no-cache, no-store, must-revalidate"},"glob":"/sw.js"}],"rewrites":[{"glob":"**/!(*.geojson|*.json|*.js|*.css|*.png|*.jpg|*.svg|*.ico|*.txt)","path":"/index.html"}],"cleanUrls":true},"labels":{"deployment-tool":"cli-firebase"},"createTime":"2026-08-23T14:10:21.255542Z","createUser":{"email":"banjays@gmail.com","imageUrl":"https://lh3.googleusercontent.com/a/ACg8ocI7681sAYWXPevSF0ETQ60t4KwqUZ-st0KocSHcLz3HHSg0Lzo=mo"},"finalizeTime":"2026-08-23T14:10:28.030893Z","finalizeUser":{"email":"banjays@gmail.com","imageUrl":"https://lh3.googleusercontent.com/a/ACg8ocI7681sAYWXPevSF0ETQ60t4KwqUZ-st0KocSHcLz3HHSg0Lzo=mo"}},"type":"DEPLOY","releaseTime":"2026-08-23T14:10:28.379Z","releaseUser":{"email":"banjays@gmail.com","imageUrl":"https://lh3.googleusercontent.com/a/ACg8ocI7681sAYWXPevSF0ETQ60t4KwqUZ-st0KocSHcLz3HHSg0Lzo=mo"}}
[info] +  hosting[merosadak]: release complete 
[info] 
[info] +  Deploy complete! 
[info] 
[info] Project Console: https://console.firebase.google.com/project/sadak-sathi-3ab73/overview
[info] Hosting URL: https://merosadak.web.app
[debug] [2026-08-23T14:10:34.564Z] Error: Timed out.
    at Timeout._onTimeout (C:\Users\Admin\AppData\Roaming\npm\node_modules\firebase-tools\lib\utils.js:296:49)
    at listOnTimeout (node:internal/timers:585:17)
    at process.processTimers (node:internal/timers:521:7)
[error] 
[error] Error: An unexpected error has occurred.
